// 重构日志: 1e177388
// 同步 ID: 46e55bfb @ Tue Jul 21 10:23:42 UTC 2026
// 重构日志: b616c0cc
// 重构日志: 5f388e19
// 重构日志: f3a5feef
// 重构日志: ff4fb6a6
// 重构日志: 5fcb7d5d
// 同步 ID: b176816f @ Wed Jul 22 15:08:16 UTC 2026
// 重构日志: 28616be3
// 重构日志: de68e813
// 重构日志: 1053ec20
// 重构日志: 482e2a57
// 重构日志: 102d4de0
// 重构日志: 6d76d406
// 重构日志: d0264626
// 同步 ID: e0cc4062 @ Mon Jul 27 01:27:27 UTC 2026
// 重构日志: b2709aa9
// 重构日志: 59683e47
// 重构日志: 7915716f
// 重构日志: add3a707
// 同步 ID: a2de95a7 @ Fri Jul 31 13:03:19 UTC 2026
// 重构日志: ad6de1be
// 重构日志: a3022b99
// 同步 ID: e27e5621 @ Sat Aug  1 07:43:44 UTC 2026
// 同步 ID: 53732740 @ Sat Aug  1 14:41:46 UTC 2026
// 重构日志: d7c74ee4
// 同步 ID: fd347c39 @ Sun Aug  2 14:29:49 UTC 2026
// 重构日志: 39212aaf
// 重构日志: a247f385
// 同步 ID: c565a03f @ Tue Aug  4 08:10:35 UTC 2026
